// Jest Snapshot v1, https://goo.gl/fbAQLP

exports[`Check Component creation MainPage component 1`] = `
ShallowWrapper {
  "length": 1,
  Symbol(enzyme.__root__): [Circular],
  Symbol(enzyme.__unrendered__): <MainPage />,
  Symbol(enzyme.__renderer__): Object {
    "batchedUpdates": [Function],
    "getNode": [Function],
    "render": [Function],
    "simulateEvent": [Function],
    "unmount": [Function],
  },
  Symbol(enzyme.__node__): Object {
    "instance": null,
    "key": undefined,
    "nodeType": "host",
    "props": Object {
      "children": Array [
        <Header
          genreClick={[Function]}
          searchClick={[Function]}
          showSearchButton={false}
          titleActive={true}
          titleClick={[Function]}
          value=""
          valueChangeHandler={[Function]}
        />,
        <SearchResults
          movies={Array []}
          ratingClick={[Function]}
          releaseDate={true}
          releaseDateClick={[Function]}
        />,
      ],
    },
    "ref": null,
    "rendered": Array [
      Object {
        "instance": null,
        "key": undefined,
        "nodeType": "function",
        "props": Object {
          "genreClick": [Function],
          "searchClick": [Function],
          "showSearchButton": false,
          "titleActive": true,
          "titleClick": [Function],
          "value": "",
          "valueChangeHandler": [Function],
        },
        "ref": null,
        "rendered": null,
        "type": [Function],
      },
      Object {
        "instance": null,
        "key": undefined,
        "nodeType": "class",
        "props": Object {
          "movies": Array [],
          "ratingClick": [Function],
          "releaseDate": true,
          "releaseDateClick": [Function],
        },
        "ref": null,
        "rendered": null,
        "type": [Function],
      },
    ],
    "type": "div",
  },
  Symbol(enzyme.__nodes__): Array [
    Object {
      "instance": null,
      "key": undefined,
      "nodeType": "host",
      "props": Object {
        "children": Array [
          <Header
            genreClick={[Function]}
            searchClick={[Function]}
            showSearchButton={false}
            titleActive={true}
            titleClick={[Function]}
            value=""
            valueChangeHandler={[Function]}
          />,
          <SearchResults
            movies={Array []}
            ratingClick={[Function]}
            releaseDate={true}
            releaseDateClick={[Function]}
          />,
        ],
      },
      "ref": null,
      "rendered": Array [
        Object {
          "instance": null,
          "key": undefined,
          "nodeType": "function",
          "props": Object {
            "genreClick": [Function],
            "searchClick": [Function],
            "showSearchButton": false,
            "titleActive": true,
            "titleClick": [Function],
            "value": "",
            "valueChangeHandler": [Function],
          },
          "ref": null,
          "rendered": null,
          "type": [Function],
        },
        Object {
          "instance": null,
          "key": undefined,
          "nodeType": "class",
          "props": Object {
            "movies": Array [],
            "ratingClick": [Function],
            "releaseDate": true,
            "releaseDateClick": [Function],
          },
          "ref": null,
          "rendered": null,
          "type": [Function],
        },
      ],
      "type": "div",
    },
  ],
  Symbol(enzyme.__options__): Object {
    "adapter": ReactSixteenAdapter {
      "options": Object {
        "enableComponentDidUpdateOnSetState": true,
      },
    },
  },
}
`;
